// Jest Snapshot v1, https://goo.gl/fbAQLP

exports[`should render Expense list item 1`] = `
<div>
  <Link
    to="/edit/1"
  >
    <h3>
      Gum
    </h3>
  </Link>
  <p>
    $1.95
    -
    1st, Jan '70
  </p>
</div>
`;
